
=== Отчет о прохождении тестов ===
Дата и время: 2025-05-27 23:07:57

Всего тестов: 23
Успешно: 23
Ошибок: 0
Неудач: 0

=== Детали ===
test_BaseProduct_str (tests.test_product.TestProduct.test_BaseProduct_str) ... ok
test_BaseProduct_str_with_negative_price (tests.test_product.TestProduct.test_BaseProduct_str_with_negative_price) ... ok
test_BaseProduct_str_with_zero_price (tests.test_product.TestProduct.test_BaseProduct_str_with_zero_price) ... ok
test_BaseProduct_str_with_zero_quantity (tests.test_product.TestProduct.test_BaseProduct_str_with_zero_quantity) ... ok
test_CreationLoggerMixin_log_info (tests.test_product.TestProduct.test_CreationLoggerMixin_log_info) ... ok
test_create_lawngrass (tests.test_product.TestProduct.test_create_lawngrass) ... ok
test_create_smartphone (tests.test_product.TestProduct.test_create_smartphone) ... ok
test_mixin_out (tests.test_product.TestProduct.test_mixin_out)
Тест для проверки вывода миксина в консоль. ... ok
test_new_product (tests.test_product.TestProduct.test_new_product) ... ok
test_product_addition (tests.test_product.TestProduct.test_product_addition) ... ok
test_product_addition_different_types (tests.test_product.TestProduct.test_product_addition_different_types) ... ok
test_product_initialization (tests.test_product.TestProduct.test_product_initialization) ... ok
test_product_str (tests.test_product.TestProduct.test_product_str) ... ok
test_product_str_with_zero_price (tests.test_product.TestProduct.test_product_str_with_zero_price) ... ok
test_remove_product (tests.test_product.TestProduct.test_remove_product) ... ok
test_add_product (tests.test_category.TestCategory.test_add_product) ... ok
test_category_count (tests.test_category.TestCategory.test_category_count) ... ok
test_category_initialization (tests.test_category.TestCategory.test_category_initialization) ... ok
test_category_str (tests.test_category.TestCategory.test_category_str) ... ok
test_category_str_empty (tests.test_category.TestCategory.test_category_str_empty) ... ok
test_product_count (tests.test_category.TestCategory.test_product_count) ... ok
test_products_info (tests.test_category.TestCategory.test_products_info) ... ok
test_products_info_empty (tests.test_category.TestCategory.test_products_info_empty) ... ok

----------------------------------------------------------------------
Ran 23 tests in 0.002s

OK

